============================= test session starts =============================
platform win32 -- Python 3.14.0, pytest-9.0.2, pluggy-1.6.0 -- C:\Users\USER\OneDrive\Рабочий стол\blogicum\django_sprint1\venv\Scripts\python.exe
django: version: 6.0, settings: blogicum.settings (from ini)
rootdir: C:\Users\USER\OneDrive\Рабочий стол\blogicum\django_sprint4
configfile: pytest.ini
plugins: Faker-12.0.1, django-4.11.1
collecting ... collected 25 items

tests/test_content.py::TestContent::test_unpublished ERROR               [  4%]
tests/test_content.py::TestContent::test_only_own_pubs_in_category ERROR [  8%]
tests/test_content.py::TestContent::test_only_own_pubs_in_profile ERROR  [ 12%]
tests/test_content.py::TestContent::test_unpublished_category ERROR      [ 16%]
tests/test_content.py::TestContent::test_future_posts ERROR              [ 20%]
tests/test_content.py::TestContent::test_pagination ERROR                [ 24%]
tests/test_content.py::TestContent::test_image_visible ERROR             [ 28%]
tests/test_err_pages.py::test_custom_err_handlers FAILED                 [ 32%]
tests/test_users.py::test_custom_err_handlers PASSED                     [ 36%]
tests/test_users.py::test_profile FAILED                                 [ 40%]
tests/test_comment.py::test_comment_created_at ERROR                     [ 44%]
tests/test_comment.py::test_comment ERROR                                [ 48%]
tests/test_comment.py::test_404_on_comment_deleted_post ERROR            [ 52%]
tests/test_post.py::test_post_created_at ERROR                           [ 56%]
tests/test_post.py::test_post ERROR                                      [ 60%]
tests/test_comment.py::TestCommentModelAttrs::test_model_attrs[`post` field] <- tests\conftest.py PASSED [ 64%]
tests/test_comment.py::TestCommentModelAttrs::test_model_attrs[`author` field] <- tests\conftest.py PASSED [ 68%]
tests/test_comment.py::TestCommentModelAttrs::test_model_attrs[`text` field] <- tests\conftest.py PASSED [ 72%]
tests/test_comment.py::TestCommentModelAttrs::test_model_attrs[`created_at` field] <- tests\conftest.py PASSED [ 76%]
tests/test_emails.py::test_gitignore PASSED                              [ 80%]
tests/test_emails.py::test_email_backend_settings PASSED                 [ 84%]
tests/test_err_pages.py::test_csrf_failure_view PASSED                   [ 88%]
tests/test_post.py::TestPostModelAttrs::test_model_attrs[`image` field] <- tests\conftest.py PASSED [ 92%]
tests/test_post.py::TestPostModelAttrs::test_model_attrs[`pub_date` field] <- tests\conftest.py PASSED [ 96%]
tests/test_static_pages.py::test_static_pages_as_cbv PASSED              [100%]

=================================== ERRORS ====================================
_______________ ERROR at setup of TestContent.test_unpublished ________________
E   sqlite3.OperationalError: table blog_post has no column named image

The above exception was the direct cause of the following exception:
E   django.db.utils.OperationalError: Mixer (blog.Post): table blog_post has no column named image
________ ERROR at setup of TestContent.test_only_own_pubs_in_category _________
E   sqlite3.OperationalError: table blog_post has no column named image

The above exception was the direct cause of the following exception:
E   django.db.utils.OperationalError: Mixer (blog.Post): table blog_post has no column named image
_________ ERROR at setup of TestContent.test_only_own_pubs_in_profile _________
E   sqlite3.OperationalError: table blog_post has no column named image

The above exception was the direct cause of the following exception:
E   django.db.utils.OperationalError: Mixer (blog.Post): table blog_post has no column named image
___________ ERROR at setup of TestContent.test_unpublished_category ___________
E   sqlite3.OperationalError: table blog_post has no column named image

The above exception was the direct cause of the following exception:
E   django.db.utils.OperationalError: Mixer (blog.Post): table blog_post has no column named image
_______________ ERROR at setup of TestContent.test_future_posts _______________
E   sqlite3.OperationalError: table blog_post has no column named image

The above exception was the direct cause of the following exception:
E   django.db.utils.OperationalError: Mixer (blog.Post): table blog_post has no column named image
________________ ERROR at setup of TestContent.test_pagination ________________
E   sqlite3.OperationalError: table blog_post has no column named image

The above exception was the direct cause of the following exception:
E   django.db.utils.OperationalError: Mixer (blog.Post): table blog_post has no column named image
______________ ERROR at setup of TestContent.test_image_visible _______________
E   sqlite3.OperationalError: table blog_post has no column named image

The above exception was the direct cause of the following exception:
E   django.db.utils.OperationalError: Mixer (blog.Post): table blog_post has no column named image
__________________ ERROR at setup of test_comment_created_at __________________
E   sqlite3.OperationalError: table blog_post has no column named image

The above exception was the direct cause of the following exception:
E   django.db.utils.OperationalError: table blog_post has no column named image

During handling of the above exception, another exception occurred:
E   ValueError: Mixer (blog.Comment): Generation for post (Comment) has been stopped. Exception: table blog_post has no column named image
_______________________ ERROR at setup of test_comment ________________________
E   sqlite3.OperationalError: table blog_post has no column named image

The above exception was the direct cause of the following exception:
E   django.db.utils.OperationalError: Mixer (blog.Post): table blog_post has no column named image
_____________ ERROR at setup of test_404_on_comment_deleted_post ______________
E   sqlite3.OperationalError: table blog_post has no column named image

The above exception was the direct cause of the following exception:
E   django.db.utils.OperationalError: Mixer (blog.Post): table blog_post has no column named image
___________________ ERROR at setup of test_post_created_at ____________________
E   sqlite3.OperationalError: table blog_post has no column named image

The above exception was the direct cause of the following exception:
E   django.db.utils.OperationalError: Mixer (blog.Post): table blog_post has no column named image
_________________________ ERROR at setup of test_post _________________________
E   sqlite3.OperationalError: table blog_post has no column named image

The above exception was the direct cause of the following exception:
E   django.db.utils.OperationalError: Mixer (blog.Post): table blog_post has no column named image
================================== FAILURES ===================================
E   django.urls.exceptions.Resolver404: {'path': '376224fd-5aca-4070-8d4a-3463ef879c3f'}

During handling of the above exception, another exception occurred:
E   django.urls.exceptions.NoReverseMatch: Reverse for 'registration' not found. 'registration' is not a valid view function or pattern name.

During handling of the above exception, another exception occurred:
E   django.urls.exceptions.NoReverseMatch: Reverse for 'registration' not found. 'registration' is not a valid view function or pattern name.

During handling of the above exception, another exception occurred:
E   django.urls.exceptions.NoReverseMatch: Reverse for 'registration' not found. 'registration' is not a valid view function or pattern name.

During handling of the above exception, another exception occurred:
E   django.urls.exceptions.NoReverseMatch: Reverse for 'registration' not found. 'registration' is not a valid view function or pattern name.

During handling of the above exception, another exception occurred:
E   django.urls.exceptions.NoReverseMatch: Reverse for 'registration' not found. 'registration' is not a valid view function or pattern name.

During handling of the above exception, another exception occurred:
E   django.urls.exceptions.NoReverseMatch: Reverse for 'registration' not found. 'registration' is not a valid view function or pattern name.

During handling of the above exception, another exception occurred:
E   django.urls.exceptions.NoReverseMatch: Reverse for 'registration' not found. 'registration' is not a valid view function or pattern name.

During handling of the above exception, another exception occurred:
E   django.urls.exceptions.NoReverseMatch: Reverse for 'registration' not found. 'registration' is not a valid view function or pattern name.

During handling of the above exception, another exception occurred:
E   django.urls.exceptions.NoReverseMatch: Reverse for 'registration' not found. 'registration' is not a valid view function or pattern name.
C:\Users\USER\OneDrive\Рабочий стол\blogicum\django_sprint1\venv\Lib\site-packages\django\urls\resolvers.py:842: django.urls.exceptions.NoReverseMatch: Reverse for 'registration' not found. 'registration' is not a valid view function or pattern name.
E   sqlite3.OperationalError: no such table: blog_comment

The above exception was the direct cause of the following exception:
E   django.db.utils.OperationalError: no such table: blog_comment
C:\Users\USER\OneDrive\Рабочий стол\blogicum\django_sprint1\venv\Lib\site-packages\django\db\backends\sqlite3\base.py:359: django.db.utils.OperationalError: no such table: blog_comment
=========================== short test summary info ===========================
ERROR tests/test_content.py::TestContent::test_unpublished - django.db.utils.OperationalError: Mixer (blog.Post): table blog_post has no column named image
ERROR tests/test_content.py::TestContent::test_only_own_pubs_in_category - django.db.utils.OperationalError: Mixer (blog.Post): table blog_post has no column named image
ERROR tests/test_content.py::TestContent::test_only_own_pubs_in_profile - django.db.utils.OperationalError: Mixer (blog.Post): table blog_post has no column named image
ERROR tests/test_content.py::TestContent::test_unpublished_category - django.db.utils.OperationalError: Mixer (blog.Post): table blog_post has no column named image
ERROR tests/test_content.py::TestContent::test_future_posts - django.db.utils.OperationalError: Mixer (blog.Post): table blog_post has no column named image
ERROR tests/test_content.py::TestContent::test_pagination - django.db.utils.OperationalError: Mixer (blog.Post): table blog_post has no column named image
ERROR tests/test_content.py::TestContent::test_image_visible - django.db.utils.OperationalError: Mixer (blog.Post): table blog_post has no column named image
ERROR tests/test_comment.py::test_comment_created_at - ValueError: Mixer (blog.Comment): Generation for post (Comment) has been stopped. Exception: table blog_post has no column named image
ERROR tests/test_comment.py::test_comment - django.db.utils.OperationalError: Mixer (blog.Post): table blog_post has no column named image
ERROR tests/test_comment.py::test_404_on_comment_deleted_post - django.db.utils.OperationalError: Mixer (blog.Post): table blog_post has no column named image
ERROR tests/test_post.py::test_post_created_at - django.db.utils.OperationalError: Mixer (blog.Post): table blog_post has no column named image
ERROR tests/test_post.py::test_post - django.db.utils.OperationalError: Mixer (blog.Post): table blog_post has no column named image
=================== 2 failed, 11 passed, 12 errors in 0.77s ===================
